,subject,predicate,object,type_df,superclass
0,http://dbpedia.org/resource/French_Revolution,http://www.w3.org/1999/02/22-rdf-syntax-ns#type,http://dbpedia.org/ontology/Country,outgoing,[]
1,http://dbpedia.org/resource/French_Revolution,http://dbpedia.org/property/location,http://dbpedia.org/resource/Kingdom_of_France,outgoing,[]
2,http://dbpedia.org/resource/French_Revolution,http://purl.org/linguistics/gold/hypernym,http://dbpedia.org/resource/Period,outgoing,[]
3,http://dbpedia.org/resource/French_Revolution,http://www.w3.org/1999/02/22-rdf-syntax-ns#type,http://dbpedia.org/ontology/MilitaryConflict,outgoing,[]
4,http://dbpedia.org/resource/French_Revolution,http://dbpedia.org/ontology/soundRecording,http://dbpedia.org/resource/French_Revolution__Sound__1,outgoing,[]
