,subject,predicate,object,type_df
3,http://dbpedia.org/resource/French_Revolution,http://purl.org/linguistics/gold/hypernym,http://dbpedia.org/resource/Period,outgoing
16,http://dbpedia.org/resource/French_Revolution,http://www.w3.org/1999/02/22-rdf-syntax-ns#type,http://dbpedia.org/ontology/MilitaryConflict,outgoing
19,http://dbpedia.org/resource/French_Revolution,http://www.w3.org/1999/02/22-rdf-syntax-ns#type,http://dbpedia.org/ontology/Country,outgoing
31,http://dbpedia.org/resource/French_Revolution,http://dbpedia.org/ontology/soundRecording,http://dbpedia.org/resource/French_Revolution__Sound__1,outgoing
63,http://dbpedia.org/resource/French_Revolution,http://www.w3.org/1999/02/22-rdf-syntax-ns#type,http://www.w3.org/2002/07/owl#Thing,outgoing
67,http://dbpedia.org/resource/French_Revolution,http://www.w3.org/2004/02/skos/core#exactMatch,http://globalwordnet.org/ili/i42217,outgoing
74,http://dbpedia.org/resource/French_Revolution,http://dbpedia.org/property/location,http://dbpedia.org/resource/Kingdom_of_France,outgoing
